[D][api.connection:583]: Client 'ESPHome v1.14.3 (192.168.178.5)' connected successfully!
[I][app:100]: ESPHome version 1.14.3 compiled on Aug 27 2020, 18:35:30
[C][wifi:415]: WiFi:
[C][wifi:283]:   SSID: 'Hemels'
[C][wifi:284]:   IP Address: 192.168.178.28
[C][wifi:286]:   BSSID: 20:AA:4B:21:11:D7
[C][wifi:287]:   Hostname: 'irreceiver'
[C][wifi:291]:   Signal strength: -44 dB ▂▄▆█
[C][wifi:295]:   Channel: 6
[C][wifi:296]:   Subnet: 255.255.255.0
[C][wifi:297]:   Gateway: 192.168.178.9
[C][wifi:298]:   DNS1: 192.168.178.9
[C][wifi:299]:   DNS2: 213.75.63.75
[D][remote.raw:041]: Received Raw: 80
[C][logger:175]: Logger:
[C][logger:176]:   Level: DEBUG
[C][logger:177]:   Log Baud Rate: 115200
[C][logger:178]:   Hardware UART: UART0
[C][remote_receiver.esp8266:059]: Remote Receiver:
[C][remote_receiver.esp8266:060]:   Pin: GPIO2 (Mode: INPUT_PULLUP, INVERTED)
[C][remote_receiver.esp8266:065]:   Buffer Size: 1000
[C][remote_receiver.esp8266:066]:   Tolerance: 25%
[C][remote_receiver.esp8266:067]:   Filter out pulses shorter than: 50 us
[C][remote_receiver.esp8266:068]:   Signal is done after 25000 us of no changes
[C][captive_portal:169]: Captive Portal:
[C][ota:029]: Over-The-Air Updates:
[C][ota:030]:   Address: irreceiver.local:8266
[C][api:095]: API Server:
[C][api:096]:   Address: irreceiver.local:6053
[D][remote.raw:041]: Received Raw: 121
[D][remote.raw:041]: Received Raw: 77
[D][remote.raw:041]: Received Raw: 113
[D][remote.raw:041]: Received Raw: 140
[D][remote.raw:041]: Received Raw: 77
[D][remote.raw:041]: Received Raw: 94
[D][remote.raw:041]: Received Raw: 80, -325, 129
[D][remote.raw:041]: Received Raw: 79, -15007, 78
[D][remote.raw:041]: Received Raw: 85
[D][remote.raw:041]: Received Raw: 113, -11354, 113
[D][remote.raw:041]: Received Raw: 115
[D][remote.raw:041]: Received Raw: 69
[D][remote.raw:041]: Received Raw: 63
[D][remote.raw:041]: Received Raw: 113
[D][remote.raw:041]: Received Raw: 71
[D][remote.raw:041]: Received Raw: 162
[D][remote.raw:041]: Received Raw: 75
[D][remote.raw:041]: Received Raw: 75
[D][remote.raw:041]: Received Raw: 70, -226, 63
[D][remote.raw:041]: Received Raw: 73
[D][remote.raw:041]: Received Raw: 113, -647, 72, -1752, 215
[D][remote.raw:041]: Received Raw: 74
[D][remote.raw:041]: Received Raw: 60
[D][remote.raw:041]: Received Raw: 174
[D][remote.raw:041]: Received Raw: 78
[D][remote.raw:041]: Received Raw: 66, -20479, 77
[D][remote.raw:041]: Received Raw: 77
[D][remote.raw:041]: Received Raw: 121
[D][remote.raw:041]: Received Raw: 75
[D][remote.raw:041]: Received Raw: 71
[D][remote.raw:041]: Received Raw: 137
[D][remote.raw:041]: Received Raw: 112
[D][remote.raw:041]: Received Raw: 73
[D][remote.raw:041]: Received Raw: 113
[D][remote.raw:041]: Received Raw: 71
[D][remote.raw:041]: Received Raw: 74
[D][remote.raw:041]: Received Raw: 75
[D][remote.raw:041]: Received Raw: 76
[D][remote.raw:041]: Received Raw: 73
[D][remote.raw:041]: Received Raw: 73
[D][remote.raw:041]: Received Raw: 141
[D][remote.raw:041]: Received Raw: 138
[D][remote.raw:041]: Received Raw: 72
[D][remote.raw:041]: Received Raw: 75
[D][remote.raw:041]: Received Raw: 183
[D][remote.raw:041]: Received Raw: 94
[D][remote.raw:041]: Received Raw: 73
[D][remote.raw:041]: Received Raw: 227
[D][remote.raw:041]: Received Raw: 114
[D][remote.raw:041]: Received Raw: 78
[D][remote.raw:041]: Received Raw: 73
[D][remote.raw:041]: Received Raw: 72
[D][remote.raw:041]: Received Raw: 69
[D][remote.raw:041]: Received Raw: 74
[D][remote.raw:041]: Received Raw: 73
[D][remote.raw:041]: Received Raw: 73
[D][remote.raw:041]: Received Raw: 77
[D][remote.raw:041]: Received Raw: 78
[D][remote.raw:041]: Received Raw: 75
[D][remote.raw:041]: Received Raw: 70
[D][remote.raw:041]: Received Raw: 71
[D][remote.raw:041]: Received Raw: 72
[D][remote.raw:041]: Received Raw: 70
[D][remote.raw:041]: Received Raw: 113
[D][remote.raw:041]: Received Raw: 112
[D][remote.raw:041]: Received Raw: 80
[D][remote.raw:041]: Received Raw: 73
[D][remote.raw:041]: Received Raw: 72
[D][remote.raw:041]: Received Raw: 64
[D][remote.raw:041]: Received Raw: 77
[D][remote.raw:041]: Received Raw: 73
[D][remote.raw:041]: Received Raw: 99
[D][remote.raw:041]: Received Raw: 73, -17652, 75
[D][remote.raw:041]: Received Raw: 140
[D][remote.raw:041]: Received Raw: 163
[D][remote.raw:041]: Received Raw: 140
[D][remote.raw:041]: Received Raw: 73
[D][remote.raw:041]: Received Raw: 71
[D][remote.raw:041]: Received Raw: 77
[D][remote.raw:041]: Received Raw: 117
[D][remote.raw:041]: Received Raw: 77
[D][remote.raw:041]: Received Raw: 75
[D][remote.raw:041]: Received Raw: 72
[D][remote.raw:041]: Received Raw: 139
[D][remote.raw:041]: Received Raw: 72, -438, 83
[D][remote.raw:041]: Received Raw: 75
[D][remote.raw:041]: Received Raw: 56
[D][remote.raw:041]: Received Raw: 72
[D][remote.raw:041]: Received Raw: 115
[D][remote.raw:041]: Received Raw: 234
[D][remote.raw:041]: Received Raw: 60
[D][remote.raw:041]: Received Raw: 75, -19621, 74
[D][remote.raw:041]: Received Raw: 74
[D][remote.raw:041]: Received Raw: 64
[D][remote.raw:041]: Received Raw: 164
[D][remote.raw:041]: Received Raw: 72
[D][remote.raw:041]: Received Raw: 76
[D][remote.raw:041]: Received Raw: 72
[D][remote.raw:041]: Received Raw: 76
[D][remote.raw:041]: Received Raw: 72
[D][remote.raw:041]: Received Raw: 74
[D][remote.raw:041]: Received Raw: 78
[D][remote.raw:041]: Received Raw: 85
[D][remote.raw:041]: Received Raw: 110
[D][remote.raw:041]: Received Raw: 140
[D][remote.raw:041]: Received Raw: 77
[D][remote.raw:041]: Received Raw: 73
[D][remote.raw:041]: Received Raw: 76
[D][remote.raw:041]: Received Raw: 75
[D][remote.raw:041]: Received Raw: 71
[D][remote.raw:041]: Received Raw: 65
[D][remote.raw:041]: Received Raw: 126
[D][remote.raw:041]: Received Raw: 75
[D][remote.raw:041]: Received Raw: 78
[D][remote.raw:041]: Received Raw: 110
[D][remote.raw:041]: Received Raw: 75
[D][remote.raw:041]: Received Raw: 74
[D][remote.raw:041]: Received Raw: 66
[D][remote.raw:041]: Received Raw: 93, -17499, 139
[D][remote.raw:041]: Received Raw: 80
[D][remote.raw:041]: Received Raw: 75
[D][remote.raw:041]: Received Raw: 68, -8315, 87
[D][remote.raw:041]: Received Raw: 74
[D][remote.raw:041]: Received Raw: 75
[D][remote.raw:041]: Received Raw: 77
[D][remote.raw:041]: Received Raw: 137
[D][remote.raw:041]: Received Raw: 75
[D][remote.raw:041]: Received Raw: 77
[D][remote.raw:041]: Received Raw: 75
[D][remote.raw:041]: Received Raw: 76
[D][remote.raw:041]: Received Raw: 74
[D][remote.raw:041]: Received Raw: 76
[D][remote.raw:041]: Received Raw: 139
[D][remote.raw:041]: Received Raw: 78
[D][remote.raw:041]: Received Raw: 74
[D][remote.raw:041]: Received Raw: 66
[D][remote.raw:041]: Received Raw: 139
[D][remote.raw:041]: Received Raw: 74
[D][remote.raw:041]: Received Raw: 73
[D][remote.raw:041]: Received Raw: 72
[D][remote.raw:041]: Received Raw: 78
[D][remote.raw:041]: Received Raw: 137, -15394, 71
[D][remote.raw:041]: Received Raw: 75
[D][remote.raw:041]: Received Raw: 122, -213
[D][remote.raw:041]: Received Raw:
[D][remote.raw:041]: Received Raw: 76
[D][remote.raw:041]: Received Raw: 165
[D][remote.raw:041]: Received Raw: 79
[D][remote.raw:041]: Received Raw: 75
[D][remote.raw:041]: Received Raw: 75, -2726, 301, -4715, 99
[D][remote.raw:041]: Received Raw: 77
[D][remote.raw:041]: Received Raw: 115
[D][remote.raw:041]: Received Raw: 77
[D][remote.raw:041]: Received Raw: 114
[D][remote.raw:041]: Received Raw: 74
[D][remote.raw:041]: Received Raw: 74
[D][remote.raw:041]: Received Raw: 86
[D][remote.raw:041]: Received Raw: 114
[D][remote.raw:041]: Received Raw: 66
[D][remote.raw:041]: Received Raw: 79
[D][remote.raw:041]: Received Raw: 74
[D][remote.raw:041]: Received Raw: 69
[D][remote.raw:041]: Received Raw: 111
[D][remote.raw:041]: Received Raw: 79
[D][remote.raw:041]: Received Raw: 164
[D][remote.raw:041]: Received Raw: 77, -13294, 70
[D][remote.raw:041]: Received Raw: 72
[D][remote.raw:041]: Received Raw: 73
[D][remote.raw:041]: Received Raw: 75
[D][remote.raw:041]: Received Raw: 73
[D][remote.raw:041]: Received Raw: 75
[D][remote.raw:041]: Received Raw: 74
[D][remote.raw:041]: Received Raw: 77
[D][remote.raw:041]: Received Raw: 115
[D][remote.raw:041]: Received Raw: 77
[D][remote.raw:041]: Received Raw: 115
[D][remote.raw:041]: Received Raw: 118
[D][remote.raw:041]: Received Raw: 112
[D][remote.raw:041]: Received Raw: 77
[D][remote.raw:041]: Received Raw: 74
[D][remote.raw:028]: Received Raw: 1252, -425, 1265, -418, 415, -1274, 418, -1270, 417, -1271, 442, -1250, 414, -1272, 417, -1270, 419, -1272, 416, -1270, 418, -1270, 418, -7443, 1277, -426, 1192, -490, 416, -1274, 415, -1269, 417, -1276, 1192, -491, 1195, -491, 1193, -489,
[D][remote.raw:028]:   1196, -491, 1193, -492, 1193, -492, 1193, -6651, 1253, -424, 1193, -491, 415, -1233, 453, -1270, 418, -1272, 419, -1268, 417, -1269, 443, -1248, 418, -1268, 418, -1270, 417, -1274, 1193, -6652, 1253, -424, 1192, -491, 416, -1270, 418, -1268, 422,
[D][remote.raw:041]:   -1269, 418, -1271, 415, -1271, 417, -1272, 418, -1268, 421, -1267, 418, -1277, 1191, -6655, 1252, -419, 1241, -442, 441, -1248, 417, -1270, 445, -1241, 443, -1247, 417, -1270, 418, -1268, 419, -1272, 417, -1269, 445, -1243, 1242
[D][remote.raw:041]: Received Raw: 81
[D][remote.raw:041]: Received Raw: 82
[D][remote.raw:041]: Received Raw: 75
[D][remote.raw:041]: Received Raw: 115
[D][remote.raw:041]: Received Raw: 73
[D][remote.raw:028]: Received Raw: 1247, -433, 1240, -444, 415, -1272, 441, -1246, 444, -1245, 417, -1272, 418, -1270, 415, -1271, 443, -1248, 418, -1269, 415, -1274, 441, -7418, 1303, -397, 1193, -491, 416, -1269, 419, -1272, 416, -1273, 1193, -492, 1193, -494, 1192, -491,
[D][remote.raw:028]:   1193, -492, 1192, -493, 1192, -493, 1192, -6653, 1254, -424, 1190, -490, 420, -1268, 444, -1244, 441, -1248, 417, -1269, 419, -1269, 444, -1246, 444, -1246, 415, -1268, 442, -1253, 1191, -6654, 1278, -400, 1190, -492, 417, -1268, 444, -1244, 445,
[D][remote.raw:041]:   -1244, 445, -1243, 442, -1244, 445, -1245, 445, -1242, 443, -1244, 442, -1250, 1241, -6607, 1314, -361, 1241, -443, 443, -1246, 442, -1243, 443, -1244, 450, -1241, 449, -1238, 447, -1239, 450, -1242, 448, -1239, 447, -1244, 1266
[D][remote.raw:041]: Received Raw: 77
[D][remote.raw:041]: Received Raw: 135
[D][remote.raw:041]: Received Raw: 75, -3638, 76
[D][remote.raw:041]: Received Raw: 113
[D][remote.raw:041]: Received Raw: 71
[D][remote.raw:041]: Received Raw: 71
[D][remote.raw:041]: Received Raw: 72
[D][remote.raw:041]: Received Raw: 159
[D][remote.raw:028]: Received Raw: 1276, -400, 1263, -420, 439, -1250, 417, -1271, 417, -1270, 417, -1274, 417, -1269, 442, -1246, 417, -1276, 414, -1270, 417, -1271, 416, -7445, 1302, -401, 1196, -486, 440, -1248, 416, -1271, 416, -1276, 1193, -493, 1192, -491, 1194, -495,
[D][remote.raw:028]:   1190, -493, 1192, -492, 1194, -493, 1191, -6654, 1277, -401, 1190, -494, 413, -1271, 442, -1244, 443, -1247, 418, -1205, 481, -1270, 441, -1248, 418, -1269, 419, -1267, 419, -1274, 1242, -6604, 1287, -393, 1236, -444, 445, -1240, 446, -1244, 441,
[D][remote.raw:041]:   -1246, 450, -1239, 447, -1240, 473, -1217, 444, -1242, 450, -1237, 451, -1240, 1240, -6608, 1292, -382, 1292, -421, 443, -1214, 447, -1241, 477, -1208, 481, -1211, 479, -1207, 482, -1209, 471, -1216, 482, -1204, 479, -1211, 1268
[D][remote.raw:041]: Received Raw: 66
[D][remote.raw:041]: Received Raw: 74
[D][remote.raw:041]: Received Raw: 78
[D][remote.raw:041]: Received Raw: 112, -20186, 73
[D][remote.raw:041]: Received Raw: 74
[D][remote.raw:041]: Received Raw: 164
[D][remote.raw:041]: Received Raw: 74, -13821, 76
[D][remote.raw:041]: Received Raw: 76
[D][remote.raw:041]: Received Raw: 74
[D][remote.raw:041]: Received Raw: 138
[D][remote.raw:028]: Received Raw: 1302, -383, 1242, -441, 417, -1273, 417, -1274, 439, -1244, 442, -1248, 418, -1269, 441, -1245, 416, -1276, 441, -1245, 470, -1217, 420, -7441, 1311, -392, 1238, -444, 444, -1243, 439, -1247, 442, -1250, 1241, -448, 1187, -494, 1239, -443,
[D][remote.raw:028]:   1240, -447, 1239, -445, 1239, -446, 1240, -6604, 1283, -393, 1239, -443, 471, -1216, 467, -1219, 445, -1245, 445, -1240, 447, -1243, 446, -1243, 447, -1240, 444, -1243, 445, -1248, 1242, -6604, 1316, -360, 1239, -445, 475, -1210, 447, -1240, 475,
[D][remote.raw:028]:   -1215, 449, -1237, 447, -1241, 448, -1243, 450, -1237, 475, -1213, 475, -1216, 1240, -6606, 1292, -388, 1234, -447, 471, -1214, 475, -1210, 478, -1212, 453, -1232, 479, -1209, 478, -1210, 453, -1234, 449, -1237, 480, -1212, 1238, -6607, 1319, -359,
[D][remote.raw:041]:   1263, -417, 453, -1235, 452, -1235, 452, -1234, 477, -1214, 478, -1207, 453, -1235, 447, -1241, 477, -1211, 453, -1236, 1269
[D][remote.raw:041]: Received Raw: 74, -3131, 68
[D][remote.raw:041]: Received Raw: 73
[D][remote.raw:041]: Received Raw: 74
[D][remote.raw:041]: Received Raw: 138
[D][remote.raw:041]: Received Raw: 73
[D][remote.raw:041]: Received Raw: 111
[D][remote.raw:041]: Received Raw: 71
[D][remote.raw:041]: Received Raw: 84
[D][remote.raw:028]: Received Raw: 1252, -426, 1238, -442, 414, -1274, 442, -1245, 442, -1246, 442, -1247, 447, -1241, 441, -1246, 441, -1249, 416, -1270, 441, -1247, 415, -7443, 1303, -401, 1191, -491, 413, -1272, 443, -1244, 416, -1276, 1193, -495, 1190, -492, 1193, -493,
[D][remote.raw:028]:   1192, -492, 1192, -494, 1191, -491, 1194, -6651, 1253, -424, 1192, -491, 444, -1242, 417, -1268, 416, -1274, 441, -1247, 418, -1268, 417, -1272, 418, -1270, 442, -1245, 443, -1249, 1192, -6652, 1286, -393, 1191, -493, 438, -1245, 445, -1241, 418,
[D][remote.raw:028]:   -1271, 418, -1269, 443, -1245, 447, -1242, 443, -1243, 447, -1239, 445, -1246, 1241, -6606, 1286, -389, 1238, -444, 447, -1238, 474, -1216, 440, -1246, 446, -1242, 444, -1241, 477, -1212, 451, -1237, 447, -1240, 444, -1248, 1239, -6605, 1313, -392,
[D][remote.raw:041]:   1235, -420, 442, -1242, 448, -1239, 476, -1209, 451, -1241, 447, -1239, 447, -1239, 447, -1243, 446, -1241, 447, -1240, 1268
[D][remote.raw:041]: Received Raw: 74
[D][remote.raw:041]: Received Raw: 73
[D][remote.raw:041]: Received Raw: 74
[D][remote.raw:041]: Received Raw: 76
[D][remote.raw:041]: Received Raw: 72
[D][remote.raw:041]: Received Raw: 75
[D][remote.raw:041]: Received Raw: 75
[D][remote.raw:041]: Received Raw: 73
[D][remote.raw:041]: Received Raw: 70
[D][remote.raw:028]: Received Raw: 1253, -425, 1239, -444, 414, -1273, 441, -1246, 417, -1270, 442, -1247, 416, -1271, 442, -1245, 416, -1274, 441, -1245, 417, -1271, 416, -7441, 1277, -426, 1192, -490, 416, -1270, 416, -1271, 416, -1275, 1193, -492, 1192, -492, 1193, -491,
[D][remote.raw:028]:   1193, -493, 1191, -492, 1193, -493, 1191, -6652, 1254, -421, 1192, -491, 439, -1246, 417, -1269, 443, -1248, 413, -1273, 416, -1270, 417, -1274, 442, -1243, 419, -1269, 416, -1275, 1192, -6651, 1280, -397, 1192, -491, 446, -1240, 443, -1244, 445,
[D][remote.raw:028]:   -1244, 445, -1242, 441, -1246, 443, -1245, 446, -1243, 441, -1245, 441, -1250, 1245, -6601, 1258, -421, 1237, -443, 440, -1245, 472, -1214, 446, -1243, 419, -1269, 445, -1244, 443, -1245, 476, -1210, 469, -1217, 445, -1247, 1240, -6609, 1316, -357,
[D][remote.raw:041]:   1266, -446, 414, -1245, 448, -1241, 445, -1239, 454, -1235, 450, -1238, 473, -1214, 443, -1248, 444, -1239, 452, -1238, 1270
[D][remote.raw:041]: Received Raw: 72
[D][remote.raw:041]: Received Raw: 78
[D][remote.raw:041]: Received Raw: 75
[D][remote.raw:041]: Received Raw: 81
[D][remote.raw:028]: Received Raw: 1300, -388, 1266, -418, 416, -1274, 414, -1272, 416, -1272, 416, -1274, 416, -1270, 441, -1247, 415, -1273, 416, -1272, 416, -1274, 412, -7443, 1277, -424, 1196, -487, 441, -1245, 441, -1245, 418, -1275, 1192, -493, 1192, -493, 1191, -492,
[D][remote.raw:028]:   1193, -492, 1193, -492, 1192, -492, 1193, -6651, 1254, -422, 1193, -491, 414, -1271, 417, -1269, 417, -1272, 443, -1244, 417, -1270, 440, -1249, 418, -1270, 417, -1271, 440, -1250, 1194, -6653, 1252, -424, 1191, -491, 416, -1271, 419, -1267, 418,
[D][remote.raw:028]:   -1272, 444, -1243, 442, -1245, 441, -1248, 442, -1246, 443, -1243, 443, -1249, 1240, -6605, 1278, -433, 1156, -492, 443, -1242, 444, -1246, 440, -1246, 418, -1269, 448, -1239, 421, -1270, 442, -1246, 443, -1235, 423, -1275, 1192, -6654, 1252, -424,
[D][remote.raw:028]:   1191, -491, 443, -1243, 442, -1244, 444, -1246, 417, -1270, 417, -1269, 443, -1246, 443, -1244, 417, -1270, 418, -1273, 1193, -6654, 1252, -421, 1240, -442, 417, -1271, 443, -1244, 417, -1270, 441, -1248, 425, -1261, 419, -1268, 444, -1245, 418, -1269,
[D][remote.raw:041]:   419, -1269, 1241
[D][remote.raw:041]: Received Raw: 72
[I][ota:046]: Boot seems successful, resetting boot loop counter.
[D][remote.raw:041]: Received Raw: 74
[D][remote.raw:041]: Received Raw: 74
[D][remote.raw:041]: Received Raw: 78
[D][remote.raw:041]: Received Raw: 110
[D][remote.raw:041]: Received Raw:
[D][remote.raw:041]: Received Raw:
[D][remote.raw:041]: Received Raw: 76
[D][remote.raw:041]: Received Raw: 76
[D][remote.raw:041]: Received Raw: 73
[D][remote.raw:028]: Received Raw: 1251, -426, 1263, -420, 415, -1273, 416, -1271, 416, -1271, 417, -1274, 416, -1269, 485, -1203, 442, -1247, 418, -1270, 416, -1271, 417, -7443, 1277, -425, 1193, -491, 414, -1273, 419, -1267, 416, -1275, 1194, -494, 1191, -493, 1193, -492,
[D][remote.raw:028]:   1193, -493, 1192, -494, 1191, -493, 1192, -6654, 1255, -421, 1192, -491, 415, -1271, 439, -1248, 417, -1273, 415, -1270, 418, -1271, 416, -1274, 416, -1271, 416, -1270, 417, -1276, 1192, -6653, 1252, -425, 1192, -493, 413, -1271, 418, -1269, 417,
[D][remote.raw:028]:   -1272, 418, -1270, 441, -1245, 417, -1274, 417, -1269, 443, -1244, 417, -1275, 1193, -6653, 1282, -399, 1237, -442, 442, -1245, 443, -1242, 442, -1248, 444, -1190, 499, -1240, 471, -1218, 444, -1244, 444, -1241, 420, -1273, 1241, -6605, 1284, -394,
[D][remote.raw:028]:   1240, -443, 442, -1242, 444, -1244, 418, -1271, 418, -1269, 445, -1242, 417, -1272, 445, -1246, 438, -1246, 445, -1246, 1242, -6607, 1290, -383, 1241, -441, 445, -1243, 447, -1240, 447, -1240, 418, -1273, 447, -1237, 446, -1242, 445, -1244, 443, -1244,
[D][remote.raw:041]:   445, -1245, 1265
[D][remote.raw:041]: Received Raw: 81, -3469, 140
[D][remote.raw:041]: Received Raw: 75
[D][remote.raw:041]: Received Raw: 73
[D][remote.raw:041]: Received Raw: 70
[D][remote.raw:041]: Received Raw: 74
[D][remote.raw:028]: Received Raw: 66, -15109, 1251, -424, 1267, -418, 414, -1275, 416, -1271, 441, -1246, 417, -1273, 417, -1274, 413, -1270, 417, -1273, 417, -1271, 418, -1269, 416, -7445, 1275, -426, 1192, -490, 416, -1275, 412, -1272, 416, -1275, 1194, -493, 1192, -492,
[D][remote.raw:028]:   1193, -492, 1193, -492, 1195, -490, 1193, -492, 1193, -6654, 1252, -423, 1193, -490, 416, -1271, 418, -1271, 440, -1248, 444, -1242, 416, -1271, 415, -1275, 417, -1269, 417, -1269, 417, -1276, 1193, -6653, 1251, -424, 1193, -491, 442, -1243, 444,
[D][remote.raw:028]:   -1243, 446, -1245, 419, -1268, 446, -1242, 444, -1245, 447, -1240, 447, -1241, 418, -1274, 1242, -6605, 1283, -398, 1235, -441, 420, -1267, 445, -1244, 439, -1250, 442, -1244, 443, -1244, 445, -1245, 442, -1245, 444, -1243, 470, -1221, 1242, -6606,
[D][remote.raw:041]:   1312, -392, 1234, -419, 447, -1240, 448, -1239, 447, -1239, 447, -1244, 445, -1242, 450, -1236, 474, -1215, 449, -1240, 448, -1240, 1269
[D][remote.raw:041]: Received Raw: 74
[D][remote.raw:041]: Received Raw: 211
[D][remote.raw:041]: Received Raw: 73
[D][remote.raw:041]: Received Raw: 83
[D][remote.raw:041]: Received Raw: 74
[D][remote.raw:041]: Received Raw:
[D][remote.raw:041]: Received Raw:
[D][remote.raw:041]: Received Raw: 68
[D][remote.raw:028]: Received Raw: 69, -22475, 1250, -425, 1266, -419, 413, -1275, 416, -1274, 415, -1270, 416, -1273, 417, -1270, 419, -1269, 417, -1273, 417, -1269, 418, -1269, 418, -7441, 1279, -424, 1197, -487, 415, -1271, 416, -1271, 417, -1276, 1192, -492, 1193, -493,
[D][remote.raw:028]:   1192, -492, 1193, -492, 1193, -492, 1192, -492, 1197, -6595, 1308, -424, 1192, -491, 440, -1246, 444, -1247, 438, -1247, 418, -1270, 417, -1270, 441, -1249, 416, -1271, 447, -1240, 443, -1249, 1193, -6653, 1253, -423, 1193, -488, 419, -1270, 443,
[D][remote.raw:028]:   -1242, 417, -1274, 417, -1270, 442, -1245, 419, -1271, 443, -1243, 444, -1244, 441, -1250, 1193, -6654, 1251, -425, 1191, -491, 415, -1271, 418, -1270, 443, -1246, 420, -1267, 418, -1268, 442, -1247, 420, -1268, 418, -1269, 442, -1249, 1193, -6654,
[D][remote.raw:028]:   1253, -422, 1193, -490, 417, -1269, 420, -1270, 419, -1267, 419, -1269, 417, -1268, 444, -1246, 418, -1269, 417, -1272, 419, -1271, 1192, -6654, 1253, -420, 1240, -442, 442, -1248, 442, -1244, 418, -1270, 418, -1271, 419, -1268, 443, -1247, 416, -1271,
[D][remote.raw:041]:   443, -1244, 443, -1245, 1241, -6606, 1253, -422, 1241, -442, 444, -1246, 444, -1242, 446, -1241, 444, -1245, 444, -1243, 444, -1243, 445, -1246, 442, -1245, 445, -1244, 1241
[D][remote.raw:041]: Received Raw: 74, -20255, 111
[D][remote.raw:041]: Received Raw: 71
[D][remote.raw:041]: Received Raw: 76
[D][remote.raw:041]: Received Raw: 77
[D][remote.raw:041]: Received Raw: 75
[D][remote.raw:041]: Received Raw: 78
[D][remote.raw:041]: Received Raw: 99
[D][remote.raw:028]: Received Raw: 1252, -422, 1264, -417, 416, -1275, 416, -1275, 439, -1244, 416, -1275, 416, -1272, 415, -1272, 416, -1272, 418, -1270, 418, -1269, 418, -7446, 1277, -425, 1192, -492, 415, -1271, 443, -1244, 418, -1275, 1194, -491, 1195, -492, 1193, -493,
[D][remote.raw:028]:   1193, -493, 1192, -494, 1192, -493, 1191, -6657, 1253, -422, 1193, -492, 414, -1272, 441, -1246, 417, -1272, 418, -1270, 419, -1268, 418, -1273, 417, -1269, 442, -1246, 444, -1248, 1192, -6657, 1270, -404, 1193, -491, 414, -1274, 419, -1266, 441,
[D][remote.raw:028]:   -1247, 420, -1269, 417, -1269, 418, -1272, 418, -1273, 439, -1244, 443, -1249, 1193, -6655, 1252, -423, 1192, -490, 418, -1269, 418, -1269, 443, -1246, 444, -1245, 415, -1271, 418, -1272, 419, -1268, 444, -1243, 444, -1248, 1193, -6657, 1252, -419,
[D][remote.raw:028]:   1241, -443, 440, -1253, 414, -1269, 445, -1242, 418, -1272, 445, -1243, 444, -1243, 419, -1273, 420, -1265, 444, -1246, 1242, -6608, 1252, -423, 1242, -440, 417, -1274, 444, -1243, 444, -1243, 418, -1271, 444, -1243, 419, -1269, 443, -1246, 444, -1244,
[D][remote.raw:041]:   444, -1245, 1244
[D][remote.raw:041]: Received Raw: 114
[D][remote.raw:041]: Received Raw: 76
[D][remote.raw:041]: Received Raw: 80
[D][remote.raw:041]: Received Raw: 138
[D][remote.raw:041]: Received Raw: 76
[D][remote.raw:041]: Received Raw: 137
[D][remote.raw:028]: Received Raw: 1277, -427, 1192, -491, 415, -1271, 417, -1274, 417, -1270, 416, -1271, 417, -1273, 442, -1246, 417, -1269, 415, -1275, 418, -1269, 417, -7440, 1272, -428, 1263, -419, 417, -1273, 417, -1269, 417, -1273, 1240, -445, 1239, -445, 1262, -423,
[D][remote.raw:028]:   1240, -444, 1263, -423, 1263, -420, 1241, -6604, 1250, -424, 1241, -442, 415, -1275, 418, -1269, 420, -1266, 442, -1247, 417, -1270, 417, -1272, 415, -1273, 417, -1269, 417, -1272, 1240, -6606, 1249, -426, 1263, -419, 443, -1247, 418, -1273, 437,
[D][remote.raw:028]:   -1246, 416, -1277, 415, -1269, 419, -1267, 417, -1274, 417, -1269, 442, -1247, 1264, -6582, 1251, -427, 1238, -443, 415, -1275, 417, -1270, 419, -1267, 417, -1273, 417, -1268, 419, -1269, 418, -1271, 444, -1242, 419, -1273, 1238, -6607, 1250, -423,
[D][remote.raw:041]:   1192, -490, 420, -1267, 417, -1272, 442, -1244, 442, -1244, 418, -1271, 443, -1243, 419, -1268, 443, -1246, 444, -1244, 1192
[D][remote.raw:041]: Received Raw: 75
[D][remote.raw:041]: Received Raw: 86
[D][remote.raw:041]: Received Raw: 75
[D][remote.raw:041]: Received Raw: 112
[D][remote.raw:041]: Received Raw: 77
[D][remote.raw:041]: Received Raw: 74
[D][remote.raw:041]: Received Raw: 137
[D][remote.raw:041]: Received Raw: 115
[D][remote.raw:041]: Received Raw: 77
[D][remote.raw:041]: Received Raw: 71
[D][remote.raw:041]: Received Raw: 78
[D][remote.raw:041]: Received Raw: 82
[D][remote.raw:041]: Received Raw: 71
[D][remote.raw:041]: Received Raw: 77
[D][remote.raw:028]: Received Raw: 1251, -426, 1192, -492, 418, -1267, 417, -1274, 418, -1270, 416, -1270, 416, -1274, 415, -1272, 417, -1270, 415, -1276, 441, -1246, 415, -7441, 1273, -428, 1266, -418, 415, -1273, 417, -1268, 418, -1271, 1241, -445, 1266, -420, 1262, -420,
[D][remote.raw:028]:   1266, -420, 1263, -420, 1263, -421, 1263, -6582, 1249, -425, 1243, -438, 417, -1274, 416, -1269, 417, -1270, 417, -1273, 442, -1244, 417, -1130, 581, -1248, 417, -1269, 418, -1271, 1240, -6605, 1250, -427, 1262, -419, 415, -1277, 413, -1271, 418,
[D][remote.raw:028]:   -1269, 416, -1273, 442, -1245, 417, -1270, 416, -1273, 417, -1269, 441, -1248, 1244, -6601, 1252, -423, 1240, -443, 418, -1270, 418, -1269, 443, -1243, 443, -1247, 417, -1270, 418, -1269, 418, -1272, 416, -1270, 418, -1271, 1263, -6583, 1252, -423,
[D][remote.raw:041]:   1192, -491, 442, -1244, 418, -1271, 418, -1269, 417, -1271, 415, -1273, 418, -1268, 416, -1270, 443, -1246, 442, -1246, 1194
[D][remote.raw:041]: Received Raw: 75
[D][remote.raw:041]: Received Raw: 70
[D][remote.raw:041]: Received Raw: 76
[D][remote.raw:041]: Received Raw: 74
[D][remote.raw:041]: Received Raw: 75
[D][remote.raw:041]: Received Raw: 138
[D][remote.raw:041]: Received Raw: 73
[D][remote.raw:041]: Received Raw: 114
[D][remote.raw:041]: Received Raw: 83
[D][remote.raw:041]: Received Raw: 136
[D][remote.raw:041]: Received Raw: 73
[D][remote.raw:028]: Received Raw: 1252, -424, 1192, -494, 415, -1268, 418, -1272, 419, -1267, 420, -1267, 420, -1270, 419, -1272, 419, -1263, 443, -1248, 418, -1268, 419, -7436, 1273, -430, 1240, -442, 417, -1274, 420, -1265, 442, -1246, 1241, -445, 1239, -445, 1240, -444,
[D][remote.raw:028]:   1240, -445, 1239, -449, 1236, -444, 1241, -6604, 1248, -427, 1239, -442, 419, -1270, 418, -1268, 419, -1267, 418, -1270, 421, -1266, 445, -1245, 420, -1266, 444, -1244, 443, -1243, 1241, -6604, 1251, -428, 1237, -442, 420, -1270, 421, -1265, 445,
[D][remote.raw:028]:   -1241, 419, -1271, 418, -1271, 419, -1265, 420, -1269, 419, -1269, 420, -1269, 1239, -6607, 1249, -425, 1239, -442, 418, -1272, 417, -1270, 442, -1243, 418, -1271, 446, -1240, 421, -1266, 445, -1244, 419, -1268, 443, -1245, 1244, -6602, 1252, -423,
[D][remote.raw:041]:   1192, -493, 415, -1267, 420, -1270, 420, -1266, 419, -1267, 446, -1244, 445, -1245, 414, -1269, 418, -1274, 420, -1266, 1192
[D][remote.raw:041]: Received Raw: 113
[D][remote.raw:041]: Received Raw: 77
[D][remote.raw:041]: Received Raw:
[D][remote.raw:041]: Received Raw:
[D][remote.raw:041]: Received Raw: 76
[D][remote.raw:041]: Received Raw: 76
[D][remote.raw:041]: Received Raw: 67
[D][remote.raw:028]: Received Raw: 74, -2854, 1253, -422, 1193, -491, 419, -1267, 446, -1244, 424, -1264, 447, -1239, 447, -1245, 445, -1242, 445, -1242, 473, -1216, 445, -1242, 422, -7435, 1272, -430, 1241, -442, 420, -1270, 448, -1240, 448, -1240, 1241, -445, 1242, -441,
[D][remote.raw:028]:   1241, -445, 1240, -444, 1240, -445, 1241, -444, 1240, -6604, 1250, -426, 1241, -440, 448, -1242, 447, -1239, 446, -1242, 446, -1242, 450, -1238, 452, -1235, 447, -1243, 450, -1236, 451, -1238, 1241, -6610, 1247, -424, 1240, -442, 446, -1243, 473,
[D][remote.raw:028]:   -1214, 451, -1237, 448, -1241, 449, -1237, 451, -1236, 450, -1243, 448, -1235, 453, -1236, 1241, -6605, 1250, -426, 1239, -441, 447, -1242, 453, -1234, 451, -1235, 452, -1238, 448, -1242, 444, -1239, 452, -1238, 446, -1241, 450, -1238, 1241, -6603,
[D][remote.raw:028]:   1253, -424, 1240, -442, 447, -1243, 422, -1265, 450, -1236, 449, -1240, 453, -1235, 449, -1238, 478, -1212, 453, -1233, 447, -1242, 1241, -6606, 1279, -396, 1191, -492, 448, -1238, 447, -1242, 454, -1233, 477, -1211, 451, -1237, 479, -1209, 454, -1232,
[D][remote.raw:041]:   450, -1240, 450, -1238, 1193
[D][remote.raw:041]: Received Raw: 162
[D][remote.raw:041]: Received Raw: 114
[D][remote.raw:041]: Received Raw: 85
[D][remote.raw:041]: Received Raw: 74
[D][remote.raw:041]: Received Raw: 76
[D][remote.raw:041]: Received Raw: 73
[D][remote.raw:041]: Received Raw: 73
[D][remote.raw:041]: Received Raw: 78
[D][remote.raw:041]: Received Raw: 72
[D][remote.raw:041]: Received Raw: 77
[D][remote.raw:041]: Received Raw: 111
[D][remote.raw:028]: Received Raw: 1254, -419, 1194, -491, 447, -1240, 446, -1244, 447, -1240, 450, -1238, 449, -1242, 446, -1239, 447, -1240, 423, -1267, 447, -1242, 420, -7435, 1270, -432, 1241, -441, 443, -1247, 451, -1236, 421, -1267, 1241, -445, 1241, -444, 1242, -444,
[D][remote.raw:028]:   1240, -445, 1240, -444, 1240, -445, 1240, -6605, 1285, -391, 1240, -443, 447, -1242, 446, -1241, 452, -1234, 452, -1239, 451, -1235, 448, -1239, 449, -1240, 448, -1239, 449, -1240, 1242, -6603, 1250, -427, 1240, -443, 446, -1243, 422, -1264, 451,
[D][remote.raw:028]:   -1236, 451, -1240, 447, -1239, 449, -1238, 449, -1241, 458, -1228, 449, -1241, 1241, -6605, 1252, -425, 1241, -440, 446, -1244, 453, -1234, 447, -1240, 451, -1238, 448, -1240, 451, -1236, 445, -1245, 447, -1239, 447, -1242, 1241, -6607, 1254, -420,
[D][remote.raw:041]:   1193, -490, 447, -1240, 448, -1241, 453, -1234, 449, -1238, 447, -1242, 450, -1237, 447, -1240, 444, -1245, 475, -1219, 1188
[D][remote.raw:041]: Received Raw: 70
[D][remote.raw:041]: Received Raw: 73
[D][remote.raw:041]: Received Raw: 92
[D][remote.raw:041]: Received Raw: 69
[D][remote.raw:041]: Received Raw: 74
[D][remote.raw:041]: Received Raw: 85, -11430, 75
[D][remote.raw:041]: Received Raw: 113, -1744, 73
[D][remote.raw:041]: Received Raw: 77
[D][remote.raw:041]: Received Raw: 66
[D][remote.raw:041]: Received Raw: 77
[D][remote.raw:041]: Received Raw: 71, -11047, 76
[D][remote.raw:041]: Received Raw: 74
[D][remote.raw:041]: Received Raw: 74
[D][remote.raw:041]: Received Raw: 116
[D][remote.raw:041]: Received Raw: 73
[D][remote.raw:028]: Received Raw: 1256, -420, 1193, -490, 423, -1267, 446, -1241, 422, -1266, 475, -1213, 421, -1267, 452, -1236, 420, -1268, 422, -1266, 424, -1264, 447, -3305, 74, -4028, 1272, -431, 1240, -442, 447, -1243, 450, -1236, 448, -1242, 1241, -444, 1241, -443,
[D][remote.raw:028]:   1244, -444, 1238, -447, 1238, -446, 1239, -445, 1241, -6604, 1249, -425, 1242, -442, 448, -1241, 454, -1233, 449, -1236, 453, -1238, 452, -1235, 448, -1239, 448, -1241, 478, -1209, 477, -1212, 1241, -6597, 1257, -426, 1240, -440, 451, -1239, 451,
[D][remote.raw:028]:   -1236, 446, -1240, 451, -1240, 449, -1236, 451, -1236, 448, -1242, 450, -1235, 450, -1239, 1241, -6604, 1253, -422, 1241, -441, 448, -1242, 475, -1212, 451, -1235, 449, -1241, 449, -1237, 448, -1239, 448, -1241, 450, -1236, 450, -1239, 1241, -6606,
[D][remote.raw:041]:   1254, -422, 1192, -490, 446, -1241, 448, -1243, 447, -1238, 446, -1241, 447, -1242, 450, -1237, 446, -1240, 472, -1219, 453, -1235, 1193
[D][remote.raw:041]: Received Raw: 55
[D][remote.raw:041]: Received Raw: 73
[D][remote.raw:041]: Received Raw: 73
[D][remote.raw:041]: Received Raw: 73
[D][remote.raw:041]: Received Raw: 75
[D][remote.raw:041]: Received Raw: 113
[D][remote.raw:041]: Received Raw: 71
[D][remote.raw:028]: Received Raw: 1255, -422, 1193, -491, 420, -1266, 445, -1246, 447, -1240, 420, -1268, 421, -1268, 450, -1237, 454, -1232, 426, -1265, 452, -1133, 522, -7436, 1272, -432, 1240, -442, 450, -1239, 477, -1211, 451, -1239, 1240, -444, 1241, -445, 1240, -446,
[D][remote.raw:028]:   1240, -443, 1242, -444, 1241, -444, 1241, -6607, 1252, -423, 1243, -441, 448, -1240, 453, -1236, 451, -1236, 448, -1242, 452, -1235, 455, -1233, 453, -1237, 448, -1239, 446, -1243, 1242, -6607, 1251, -425, 1241, -442, 449, -1241, 450, -1236, 453,
[D][remote.raw:028]:   -1235, 453, -1237, 452, -1235, 454, -1236, 446, -1242, 453, -1234, 422, -1269, 1240, -6607, 1254, -422, 1241, -406, 485, -1240, 452, -1235, 455, -1233, 452, -1238, 450, -1237, 477, -1211, 449, -1240, 451, -1237, 453, -1235, 1242, -6605, 1284, -393,
[D][remote.raw:041]:   1246, -436, 452, -1235, 453, -1237, 450, -1237, 450, -1237, 452, -1238, 450, -1237, 477, -1209, 452, -1239, 452, -1237, 1247
[D][remote.raw:041]: Received Raw: 76
[D][remote.raw:041]: Received Raw: 134
[D][remote.raw:041]: Received Raw: 75
[D][remote.raw:041]: Received Raw: 76
[D][remote.raw:041]: Received Raw: 166
[D][remote.raw:028]: Received Raw: 1278, -397, 1194, -489, 447, -1242, 451, -1240, 446, -1243, 448, -1236, 448, -1242, 453, -1234, 450, -1236, 449, -1242, 449, -1238, 451, -7406, 1271, -432, 1240, -443, 424, -1264, 423, -1265, 421, -1268, 1241, -444, 1241, -443, 1242, -444,
[D][remote.raw:028]:   1241, -444, 1245, -441, 1240, -444, 1241, -6605, 1252, -425, 1240, -442, 452, -1238, 448, -1237, 451, -1237, 451, -1238, 479, -1208, 451, -1236, 450, -1239, 451, -1234, 454, -1236, 1242, -6603, 1254, -424, 1241, -441, 450, -1240, 451, -1236, 476,
[D][remote.raw:028]:   -1211, 454, -1236, 448, -1238, 451, -1238, 449, -1238, 451, -1237, 451, -1237, 1242, -6605, 1251, -427, 1239, -443, 419, -1271, 450, -1236, 447, -1242, 451, -1237, 450, -1237, 448, -1239, 450, -1239, 481, -1207, 450, -1239, 1241, -6604, 1253, -424,
[D][remote.raw:028]:   1241, -442, 449, -1241, 450, -1236, 456, -1231, 476, -1214, 446, -1240, 479, -1208, 477, -1213, 449, -1239, 447, -1241, 1241, -6606, 1286, -390, 1192, -491, 450, -1236, 452, -1238, 451, -1237, 454, -1232, 454, -1237, 450, -1237, 450, -1237, 450, -1240,
[D][remote.raw:041]:   452, -1237, 1246
[D][remote.raw:041]: Received Raw: 69
[D][remote.raw:041]: Received Raw: 76
[D][remote.raw:041]: Received Raw: 69
[D][remote.raw:041]: Received Raw: 141
[D][remote.raw:041]: Received Raw: 136
[D][remote.raw:041]: Received Raw: 75
[D][remote.raw:041]: Received Raw: 76, -4656, 75, -15924, 71, -224, 163
[D][remote.raw:028]: Received Raw: 1252, -424, 1193, -490, 418, -1269, 423, -1267, 418, -1180, 533, -1242, 423, -1267, 444, -1244, 421, -1266, 474, -1215, 421, -1267, 445, -7410, 1271, -431, 1241, -442, 420, -1269, 447, -1240, 446, -1243, 1241, -444, 1241, -444, 1240, -445,
[D][remote.raw:028]:   1240, -444, 1241, -445, 1262, -423, 1240, -6604, 1252, -424, 1243, -441, 419, -1270, 445, -1241, 420, -1266, 446, -1244, 448, -1239, 445, -1242, 447, -1242, 449, -1238, 450, -1240, 1240, -6606, 1250, -424, 1240, -443, 419, -1270, 419, -1267, 446,
[D][remote.raw:028]:   -1244, 443, -1247, 444, -1240, 445, -1241, 448, -1242, 444, -1243, 448, -1241, 1240, -6604, 1251, -425, 1241, -442, 446, -1243, 419, -1268, 447, -1239, 447, -1242, 447, -1240, 447, -1240, 446, -1244, 444, -1243, 445, -1241, 1242, -6605, 1254, -421,
[D][remote.raw:041]:   1193, -490, 418, -1269, 448, -1243, 444, -1240, 445, -1241, 473, -1217, 447, -1238, 446, -1240, 450, -1240, 446, -1243, 1192
[D][remote.raw:041]: Received Raw: 116
[D][remote.raw:041]: Received Raw: 71
[D][remote.raw:041]: Received Raw: 82
[D][remote.raw:041]: Received Raw: 76
[D][remote.raw:041]: Received Raw: 71
[D][remote.raw:041]: Received Raw: 73
[D][remote.raw:041]: Received Raw: 76
[D][remote.raw:041]: Received Raw: 72
[D][remote.raw:041]: Received Raw: 69
[D][remote.raw:041]: Received Raw: 76
[D][remote.raw:041]: Received Raw: 78
[D][remote.raw:041]: Received Raw: 75
[D][remote.raw:041]: Received Raw: 192
[D][remote.raw:041]: Received Raw: 75
[D][remote.raw:041]: Received Raw: 68
[D][remote.raw:041]: Received Raw: 73
[D][remote.raw:041]: Received Raw: 202, -2745, 242
[D][remote.raw:041]: Received Raw: 73
[D][remote.raw:028]: Received Raw: 1254, -421, 1192, -491, 446, -1240, 422, -1269, 446, -1241, 447, -1240, 449, -1241, 448, -1240, 450, -1241, 445, -1240, 449, -1239, 451, -7409, 1269, -432, 1240, -443, 451, -1238, 452, -1236, 454, -1235, 1243, -445, 1239, -444, 1241, -445,
[D][remote.raw:028]:   1240, -445, 1240, -448, 1238, -443, 1241, -6605, 1251, -425, 1241, -446, 445, -1239, 452, -1236, 453, -1233, 451, -1240, 450, -1235, 454, -1234, 451, -1239, 454, -1233, 451, -1236, 1243, -6604, 1228, -452, 1237, -442, 447, -1243, 450, -1237, 452,
[D][remote.raw:028]:   -1234, 453, -1237, 456, -1235, 447, -1236, 455, -1235, 477, -1209, 451, -1239, 1243, -6605, 1253, -423, 1241, -442, 452, -1238, 453, -1237, 450, -1233, 451, -1239, 454, -1234, 453, -1233, 454, -1236, 480, -1207, 452, -1237, 1244, -6603, 1249, -426,
[D][remote.raw:028]:   1243, -439, 479, -1212, 452, -1234, 455, -1233, 452, -1237, 453, -1234, 479, -1208, 454, -1236, 481, -1206, 454, -1236, 1245, -6601, 1252, -422, 1243, -440, 481, -1208, 457, -1231, 454, -1232, 458, -1233, 456, -1233, 478, -1207, 453, -1236, 478, -1209,
[D][remote.raw:028]:   454, -1235, 1243, -6602, 1252, -424, 1243, -440, 479, -1210, 482, -1208, 451, -1232, 452, -1237, 478, -1209, 455, -1231, 479, -1211, 457, -1229, 481, -1208, 1244, -6605, 1249, -425, 1242, -440, 453, -1236, 455, -1233, 453, -1233, 479, -1210, 456,
[D][remote.raw:028]:   -1231, 454, -1233, 453, -1236, 482, -1206, 453, -1235, 1244, -6602, 1252, -423, 1243, -439, 478, -1213, 478, -1207, 482, -1205, 483, -1207, 483, -1203, 454, -1233, 454, -1235, 480, -1212, 450, -1235, 1243, -6603, 1252, -423, 1243, -439, 453, -1236,
[D][remote.raw:028]:   456, -1232, 480, -1206, 484, -1205, 454, -1234, 456, -1230, 457, -1234, 455, -1231, 456, -1233, 1244, -6601, 1254, -422, 1244, -438, 481, -1209, 455, -1232, 455, -1231, 455, -1235, 457, -1230, 480, -1206, 455, -1235, 457, -1230, 481, -1208, 1244,
[D][remote.raw:028]:   -6601, 1253, -422, 1244, -439, 454, -1236, 481, -1206, 459, -1227, 480, -1212, 454, -1230, 481, -1206, 455, -1235, 451, -1236, 480, -1208, 1244, -6602, 1254, -421, 1244, -439, 479, -1210, 454, -1233, 482, -1205, 456, -1233, 480, -1206, 458, -1230, 485,
[D][remote.raw:028]:   -1205, 482, -1204, 481, -1208, 1245, -6602, 1280, -397, 1243, -440, 481, -1209, 456, -1230, 457, -1231, 481, -1211, 455, -1230, 481, -1207, 455, -1234, 482, -1205, 481, -1208, 1268, -6579, 1280, -396, 1244, -438, 455, -1235, 456, -1231, 455, -1232,
[D][remote.raw:028]:   456, -1233, 456, -1231, 457, -1230, 480, -1209, 479, -1207, 458, -1231, 1245, -6601, 1281, -395, 1244, -438, 457, -1232, 483, -1204, 484, -1203, 482, -1208, 481, -1205, 458, -1229, 460, -1230, 457, -1233, 479, -1207, 1268, -6576, 1281, -395, 1245,
[D][remote.raw:028]:   -438, 480, -1209, 481, -1206, 482, -1203, 481, -1210, 481, -1206, 455, -1231, 457, -1233, 482, -1204, 485, -1204, 1245, -6602, 1280, -395, 1244, -439, 456, -1235, 481, -1203, 458, -1228, 456, -1234, 456, -1231, 455, -1231, 457, -1233, 457, -1229, 483,
[D][remote.raw:028]:   -1206, 1245, -6601, 1281, -394, 1269, -414, 481, -1207, 458, -1229, 482, -1205, 482, -1207, 457, -1230, 482, -1205, 458, -1232, 482, -1204, 482, -1207, 1268, -6576, 1283, -393, 1268, -414, 456, -1233, 481, -1206, 481, -1205, 483, -1207, 483, -1204,
[D][remote.raw:028]:   481, -1206, 483, -1205, 483, -1204, 457, -1233, 1268, -6574, 1284, -392, 1269, -414, 482, -1207, 480, -1205, 483, -1204, 457, -1232, 482, -1205, 482, -1204, 483, -1207, 482, -1205, 457, -1231, 1270, -6575, 1283, -393, 1268, -414, 455, -1233, 483,
[D][remote.raw:028]:   -1204, 483, -1204, 481, -1209, 481, -1205, 483, -1204, 457, -1232, 458, -1234, 476, -1208, 1271, -6575, 1283, -395, 1267, -413, 482, -1207, 481, -1205, 458, -1229, 483, -1207, 482, -1204, 457, -1230, 483, -1207, 481, -1206, 482, -1207, 1270, -6575,
[D][remote.raw:028]:   1286, -389, 1270, -414, 480, -1208, 483, -1204, 481, -1205, 482, -1207, 484, -1204, 482, -1204, 459, -1231, 481, -1205, 482, -1207, 1272, -6573, 1285, -393, 1268, -413, 455, -1232, 482, -1205, 458, -1229, 482, -1207, 456, -1231, 481, -1205, 457, -1237,
[D][remote.raw:028]:   479, -1204, 480, -1208, 1272, -6577, 1282, -390, 1271, -412, 456, -1232, 481, -1206, 480, -1206, 483, -1209, 479, -1204, 458, -1228, 457, -1233, 483, -1204, 458, -1231, 1271, -6574, 1286, -390, 1270, -413, 456, -1232, 481, -1207, 478, -1207, 482,
[D][remote.raw:028]:   -1207, 483, -1204, 484, -1203, 481, -1209, 480, -1206, 482, -1211, 1269, -6572, 1286, -391, 1298, -385, 455, -1233, 481, -1205, 483, -1204, 457, -1232, 484, -1203, 460, -1226, 481, -1209, 456, -1230, 456, -1233, 1272, -6571, 1285, -392, 1295, -387,
[D][remote.raw:028]:   481, -1207, 458, -1228, 482, -1205, 480, -1209, 456, -1231, 481, -1205, 481, -1209, 480, -1206, 481, -1208, 1297, -6548, 1287, -390, 1294, -390, 478, -1208, 456, -1231, 481, -1205, 480, -1210, 455, -1231, 480, -1207, 480, -1209, 480, -1207, 479, -1210,
[D][remote.raw:028]:   1298, -6547, 1285, -395, 1294, -416, 448, -1210, 455, -1232, 479, -1207, 455, -1235, 454, -1233, 478, -1208, 480, -1209, 455, -1232, 455, -1234, 1299, -6545, 1282, -425, 1267, -417, 446, -1210, 454, -1233, 459, -1228, 453, -1237, 452, -1234, 453,
[D][remote.raw:028]:   -1233, 452, -1238, 453, -1233, 454, -1235, 1299, -6545, 1278, -428, 1268, -415, 422, -1237, 451, -1236, 451, -1236, 451, -1239, 450, -1236, 455, -1232, 451, -1239, 451, -1236, 451, -1238, 1297, -6547, 1279, -428, 1266, -416, 421, -1239, 447, -1240,
[D][remote.raw:028]:   448, -1239, 449, -1241, 447, -1239, 447, -1239, 449, -1241, 448, -1239, 447, -1243, 1292, -6551, 1278, -428, 1265, -418, 419, -1245, 441, -1242, 445, -1242, 445, -1244, 446, -1241, 445, -1241, 446, -1244, 447, -1239, 444, -1245, 1294, -6549, 1277,
[D][remote.raw:028]:   -429, 1263, -420, 415, -1246, 442, -1244, 442, -1244, 439, -1251, 444, -1242, 441, -1246, 441, -1248, 442, -1245, 437, -1251, 1297, -6546, 1275, -431, 1261, -422, 407, -1252, 441, -1246, 441, -1246, 440, -1248, 441, -1246, 442, -1245, 435, -1254, 440,
[D][remote.raw:028]:   -1246, 441, -1248, 1264, -6579, 1278, -427, 1237, -446, 408, -1251, 436, -1251, 439, -1247, 437, -1253, 437, -1250, 435, -1251, 435, -1255, 437, -1250, 433, -1254, 1267, -6576, 1273, -433, 1236, -447, 379, -1280, 409, -1282, 405, -1277, 413, -1277,
[D][remote.raw:028]:   409, -1278, 408, -1278, 408, -1281, 435, -1251, 410, -1280, 1263, -6580, 1273, -433, 1234, -448, 407, -1254, 434, -1252, 411, -1275, 411, -1279, 435, -1252, 411, -1277, 409, -1279, 410, -1276, 428, -1261, 1263, -6582, 1244, -461, 1233, -450, 407,
[D][remote.raw:041]:   -1253, 435, -1251, 436, -1251, 436, -1255, 434, -1251
[D][remote.raw:028]: Received Raw: -1251, 436, -1251, 435, -1254, 438, -1249, 437, -1251, 1261, -6584, 1243, -437, 1256, -427, 432, -1253, 436, -1250, 436, -1250, 436, -1253, 436, -1250, 437, -1250, 435, -1254, 437, -1249, 436, -1253, 1259, -6584, 1243, -434, 1233, -449,
[D][remote.raw:028]:   434, -1254, 436, -1250, 435, -1252, 435, -1254, 435, -1252, 435, -1251, 435, -1255, 411, -1275, 411, -1277, 1236, -6606, 1244, -433, 1235, -448, 433, -1255, 435, -1252, 410, -1276, 410, -1279, 411, -1275, 410, -1276, 434, -1256, 410, -1276, 410, -1278,
[D][remote.raw:028]:   1236, -6607, 1243, -434, 1235, -447, 409, -1279, 410, -1277, 410, -1276, 410, -1279, 410, -1276, 410, -1277, 409, -1280, 410, -1277, 409, -1278, 1237, -6607, 1243, -434, 1235, -447, 410, -1278, 434, -1252, 411, -1276, 410, -1279, 434, -1252, 411,
[D][remote.raw:028]:   -1275, 410, -1280, 410, -1276, 410, -1278, 1237, -6606, 1243, -433, 1236, -447, 434, -1255, 435, -1251, 434, -1253, 412, -1277, 411, -1276, 434, -1252, 435, -1255, 410, -1276, 434, -1254, 1236, -6607, 1243, -434, 1235, -447, 410, -1279, 434, -1252,
[D][remote.raw:028]:   435, -1252, 434, -1255, 411, -1276, 433, -1252, 410, -1280, 434, -1251, 411, -1278, 1236, -6606, 1242, -434, 1236, -446, 409, -1280, 409, -1277, 409, -1278, 408, -1281, 408, -1278, 408, -1278, 408, -1281, 408, -1278, 409, -1280, 1236, -6608, 1245,
[D][remote.raw:041]:   -431, 1188, -494, 406, -1280, 406, -1283, 406, -1280, 405, -1282, 405, -1284, 405, -1286, 400, -1282, 404, -1285, 405, -1283, 1189
[D][remote.raw:041]: Received Raw: 72
[D][remote.raw:041]: Received Raw: 76
[D][remote.raw:041]: Received Raw: 59
[D][remote.raw:041]: Received Raw: 71
[D][remote.raw:041]: Received Raw: 74
[D][remote.raw:041]: Received Raw: 70
[D][remote.raw:041]: Received Raw: 73
[D][remote.raw:041]: Received Raw: 71
[D][remote.raw:041]: Received Raw: 75
[D][remote.raw:041]: Received Raw: 117
[D][remote.raw:041]: Received Raw: 76
[D][remote.raw:041]: Received Raw: 71
[D][remote.raw:041]: Received Raw: 77
[D][remote.raw:041]: Received Raw: 113, -188, 72
[D][remote.raw:041]: Received Raw: 77
[D][remote.raw:041]: Received Raw: 80
[D][remote.raw:041]: Received Raw: 79
[D][remote.raw:041]: Received Raw: 71
[D][remote.raw:041]: Received Raw: 71
[D][remote.raw:041]: Received Raw: 72
[D][remote.raw:041]: Received Raw: 72
[D][remote.raw:041]: Received Raw: 114
[D][remote.raw:041]: Received Raw: 114
[D][remote.raw:041]: Received Raw: 78
[D][remote.raw:041]: Received Raw: 79
[D][remote.raw:041]: Received Raw: 75
[D][remote.raw:041]: Received Raw: 83
[D][remote.raw:041]: Received Raw: 75
[D][remote.raw:041]: Received Raw: 69
[D][remote.raw:041]: Received Raw: 77
[D][remote.raw:041]: Received Raw: 217
